Microsoft Windows [Version 10.0.26052.1000]
(c) Microsoft Corporation. All rights reserved.

C:\Users\NAMSHIOR KRATHIK\Downloads\gitu>git init
Initialized empty Git repository in C:/Users/NAMSHIOR KRATHIK/Downloads/gitu/.git/

C:\Users\NAMSHIOR KRATHIK\Downloads\gitu>git add .

C:\Users\NAMSHIOR KRATHIK\Downloads\gitu>git commit -m "1st commit"
[main (root-commit) b55d9b8] 1st commit
 2 files changed, 122 insertions(+)
 create mode 100644 t.html
 create mode 100644 tr as1.html

C:\Users\NAMSHIOR KRATHIK\Downloads\gitu>git branch -M main

C:\Users\NAMSHIOR KRATHIK\Downloads\gitu>git renote add origin https://github.com/namshior/upload.git
git: 'renote' is not a git command. See 'git --help'.

The most similar command is
        remote

C:\Users\NAMSHIOR KRATHIK\Downloads\gitu>git remote add origin https://github.com/namshior/upload.git

C:\Users\NAMSHIOR KRATHIK\Downloads\gitu>git push -u origin main
Enumerating objects: 4, done.
Counting objects: 100% (4/4), done.
Delta compression using up to 8 threads
Compressing objects: 100% (4/4), done.
Writing objects: 100% (4/4), 1.51 KiB | 1.51 MiB/s, done.
Total 4 (delta 1), reused 0 (delta 0), pack-reused 0
remote: Resolving deltas: 100% (1/1), done.
To https://github.com/namshior/upload.git
 * [new branch]      main -> main
branch 'main' set up to track 'origin/main'.

C:\Users\NAMSHIOR KRATHIK\Downloads\gitu>git pull
remote: Enumerating objects: 4, done.
remote: Counting objects: 100% (4/4), done.
remote: Compressing objects: 100% (2/2), done.
remote: Total 3 (delta 0), reused 0 (delta 0), pack-reused 0
Unpacking objects: 100% (3/3), 965 bytes | 43.00 KiB/s, done.
From https://github.com/namshior/upload
   b55d9b8..26d90cc  main       -> origin/main
Updating b55d9b8..26d90cc
Fast-forward
 home.html | 1 +
 1 file changed, 1 insertion(+)
 create mode 100644 home.html

C:\Users\NAMSHIOR KRATHIK\Downloads\gitu>git status
On branch main
Your branch is up to date with 'origin/main'.

Untracked files:
  (use "git add <file>..." to include in what will be committed)
        about.html

nothing added to commit but untracked files present (use "git add" to track)

C:\Users\NAMSHIOR KRATHIK\Downloads\gitu>git add .

C:\Users\NAMSHIOR KRATHIK\Downloads\gitu>git commit -m "this file is uploaded for your purpose"
[main 03813b2] this file is uploaded for your purpose
 1 file changed, 1 insertion(+)
 create mode 100644 about.html

C:\Users\NAMSHIOR KRATHIK\Downloads\gitu>git status
On branch main
Your branch is ahead of 'origin/main' by 1 commit.
  (use "git push" to publish your local commits)

nothing to commit, working tree clean

C:\Users\NAMSHIOR KRATHIK\Downloads\gitu>git push
Enumerating objects: 4, done.
Counting objects: 100% (4/4), done.
Delta compression using up to 8 threads
Compressing objects: 100% (2/2), done.
Writing objects: 100% (3/3), 348 bytes | 348.00 KiB/s, done.
Total 3 (delta 0), reused 0 (delta 0), pack-reused 0
To https://github.com/namshior/upload.git
   26d90cc..03813b2  main -> main

C:\Users\NAMSHIOR KRATHIK\Downloads\gitu>git status
On branch main
Your branch is up to date with 'origin/main'.

Changes not staged for commit:
  (use "git add <file>..." to update what will be committed)
  (use "git restore <file>..." to discard changes in working directory)
        modified:   about.html

no changes added to commit (use "git add" and/or "git commit -a")

C:\Users\NAMSHIOR KRATHIK\Downloads\gitu>git add .

C:\Users\NAMSHIOR KRATHIK\Downloads\gitu>git commit -m "i made change in about.html"
[main 28fa366] i made change in about.html
 1 file changed, 16 insertions(+), 1 deletion(-)

C:\Users\NAMSHIOR KRATHIK\Downloads\gitu>git push
Enumerating objects: 5, done.
Counting objects: 100% (5/5), done.
Delta compression using up to 8 threads
Compressing objects: 100% (3/3), done.
Writing objects: 100% (3/3), 344 bytes | 344.00 KiB/s, done.
Total 3 (delta 0), reused 0 (delta 0), pack-reused 0
To https://github.com/namshior/upload.git
   03813b2..28fa366  main -> main

C:\Users\NAMSHIOR KRATHIK\Downloads\gitu>git log
commit 28fa366e8479e74aebba13ee26f32f1a388cad11 (HEAD -> main, origin/main)
Author: namshior <namshiork4@gmail.com>
Date:   Thu Feb 15 09:31:52 2024 +0530

    i made change in about.html

commit 03813b240a75f226f7eec1884fc4c2788404207a
Author: namshior <namshiork4@gmail.com>
Date:   Thu Feb 15 09:24:57 2024 +0530

    this file is uploaded for your purpose

commit 26d90cc1cfcc95a07b49495ee59c00fb3a78bc63
Author: namshior <121745521+namshior@users.noreply.github.com>
Date:   Thu Feb 15 09:16:34 2024 +0530

    Create home.html

commit b55d9b8502ef3e014e35c28e67845971a7e20134
Author: namshior <namshiork4@gmail.com>
Date:   Thu Feb 15 09:06:18 2024 +0530

    1st commit

C:\Users\NAMSHIOR KRATHIK\Downloads\gitu>git remote -v
origin  https://github.com/namshior/upload.git (fetch)
origin  https://github.com/namshior/upload.git (push)

C:\Users\NAMSHIOR KRATHIK\Downloads\gitu>gigit status
'gigit' is not recognized as an internal or external command,
operable program or batch file.

C:\Users\NAMSHIOR KRATHIK\Downloads\gitu>git status
On branch main
Your branch is up to date with 'origin/main'.

Untracked files:
  (use "git add <file>..." to include in what will be committed)
        reset.html

nothing added to commit but untracked files present (use "git add" to track)

C:\Users\NAMSHIOR KRATHIK\Downloads\gitu>git status
On branch main
Your branch is up to date with 'origin/main'.

Changes not staged for commit:
  (use "git add <file>..." to update what will be committed)
  (use "git restore <file>..." to discard changes in working directory)
        modified:   about.html

Untracked files:
  (use "git add <file>..." to include in what will be committed)
        reset.html

no changes added to commit (use "git add" and/or "git commit -a")

C:\Users\NAMSHIOR KRATHIK\Downloads\gitu>git reset --hard
HEAD is now at 28fa366 i made change in about.html

C:\Users\NAMSHIOR KRATHIK\Downloads\gitu>git status
On branch main
Your branch is up to date with 'origin/main'.

Changes not staged for commit:
  (use "git add <file>..." to update what will be committed)
  (use "git restore <file>..." to discard changes in working directory)
        modified:   about.html

Untracked files:
  (use "git add <file>..." to include in what will be committed)
        reset.html

no changes added to commit (use "git add" and/or "git commit -a")

C:\Users\NAMSHIOR KRATHIK\Downloads\gitu>git log
commit 28fa366e8479e74aebba13ee26f32f1a388cad11 (HEAD -> main, origin/main)
Author: namshior <namshiork4@gmail.com>
Date:   Thu Feb 15 09:31:52 2024 +0530

    i made change in about.html

commit 03813b240a75f226f7eec1884fc4c2788404207a
Author: namshior <namshiork4@gmail.com>
Date:   Thu Feb 15 09:24:57 2024 +0530

    this file is uploaded for your purpose

commit 26d90cc1cfcc95a07b49495ee59c00fb3a78bc63
Author: namshior <121745521+namshior@users.noreply.github.com>
Date:   Thu Feb 15 09:16:34 2024 +0530

    Create home.html

commit b55d9b8502ef3e014e35c28e67845971a7e20134
Author: namshior <namshiork4@gmail.com>
Date:   Thu Feb 15 09:06:18 2024 +0530

    1st commit

C:\Users\NAMSHIOR KRATHIK\Downloads\gitu>git reset --soft

C:\Users\NAMSHIOR KRATHIK\Downloads\gitu>git log
commit 28fa366e8479e74aebba13ee26f32f1a388cad11 (HEAD -> main, origin/main)
Author: namshior <namshiork4@gmail.com>
Date:   Thu Feb 15 09:31:52 2024 +0530

    i made change in about.html

commit 03813b240a75f226f7eec1884fc4c2788404207a
Author: namshior <namshiork4@gmail.com>
Date:   Thu Feb 15 09:24:57 2024 +0530

    this file is uploaded for your purpose

commit 26d90cc1cfcc95a07b49495ee59c00fb3a78bc63
Author: namshior <121745521+namshior@users.noreply.github.com>
Date:   Thu Feb 15 09:16:34 2024 +0530

    Create home.html

commit b55d9b8502ef3e014e35c28e67845971a7e20134
Author: namshior <namshiork4@gmail.com>
Date:   Thu Feb 15 09:06:18 2024 +0530

    1st commit

C:\Users\NAMSHIOR KRATHIK\Downloads\gitu>git branch
* main

C:\Users\NAMSHIOR KRATHIK\Downloads\gitu>git branch dev

C:\Users\NAMSHIOR KRATHIK\Downloads\gitu>git branch
  dev
* main

C:\Users\NAMSHIOR KRATHIK\Downloads\gitu>git pull
From https://github.com/namshior/upload
 * [new branch]      testing    -> origin/testing
Already up to date.

C:\Users\NAMSHIOR KRATHIK\Downloads\gitu>git branch
  dev
* main

C:\Users\NAMSHIOR KRATHIK\Downloads\gitu>git branch -d dev
Deleted branch dev (was 28fa366).

C:\Users\NAMSHIOR KRATHIK\Downloads\gitu>git branch
* main

C:\Users\NAMSHIOR KRATHIK\Downloads\gitu>git branch deve

C:\Users\NAMSHIOR KRATHIK\Downloads\gitu>git branch -m deve dev

C:\Users\NAMSHIOR KRATHIK\Downloads\gitu>git branch
  dev
* main

C:\Users\NAMSHIOR KRATHIK\Downloads\gitu>git checkout dev
Switched to branch 'dev'
M       about.html

C:\Users\NAMSHIOR KRATHIK\Downloads\gitu>git branch
* dev
  main

C:\Users\NAMSHIOR KRATHIK\Downloads\gitu>git add .

C:\Users\NAMSHIOR KRATHIK\Downloads\gitu>git commit -m "dev changes"
[dev 17fd52f] dev changes
 2 files changed, 2 insertions(+), 1 deletion(-)
 create mode 100644 reset.html

C:\Users\NAMSHIOR KRATHIK\Downloads\gitu>git push
fatal: The current branch dev has no upstream branch.
To push the current branch and set the remote as upstream, use

    git push --set-upstream origin dev

To have this happen automatically for branches without a tracking
upstream, see 'push.autoSetupRemote' in 'git help config'.


C:\Users\NAMSHIOR KRATHIK\Downloads\gitu> git push --set-upstream origin dev
Enumerating objects: 6, done.
Counting objects: 100% (6/6), done.
Delta compression using up to 8 threads
Compressing objects: 100% (3/3), done.
Writing objects: 100% (4/4), 398 bytes | 398.00 KiB/s, done.
Total 4 (delta 0), reused 0 (delta 0), pack-reused 0
remote:
remote: Create a pull request for 'dev' on GitHub by visiting:
remote:      https://github.com/namshior/upload/pull/new/dev
remote:
To https://github.com/namshior/upload.git
 * [new branch]      dev -> dev
branch 'dev' set up to track 'origin/dev'.

C:\Users\NAMSHIOR KRATHIK\Downloads\gitu>git branch
* dev
  main

C:\Users\NAMSHIOR KRATHIK\Downloads\gitu>git checkout main
Switched to branch 'main'
Your branch is up to date with 'origin/main'.

C:\Users\NAMSHIOR KRATHIK\Downloads\gitu>git merge dev main
Updating 28fa366..17fd52f
Fast-forward
 about.html | 2 +-
 reset.html | 1 +
 2 files changed, 2 insertions(+), 1 deletion(-)
 create mode 100644 reset.html

C:\Users\NAMSHIOR KRATHIK\Downloads\gitu>git push
Total 0 (delta 0), reused 0 (delta 0), pack-reused 0
To https://github.com/namshior/upload.git
   28fa366..17fd52f  main -> main

C:\Users\NAMSHIOR KRATHIK\Downloads\gitu>git checkout dev
Switched to branch 'dev'
Your branch is up to date with 'origin/dev'.

C:\Users\NAMSHIOR KRATHIK\Downloads\gitu>git status
On branch dev
Your branch is up to date with 'origin/dev'.

Changes not staged for commit:
  (use "git add <file>..." to update what will be committed)
  (use "git restore <file>..." to discard changes in working directory)
        modified:   about.html

no changes added to commit (use "git add" and/or "git commit -a")

C:\Users\NAMSHIOR KRATHIK\Downloads\gitu>git add .

C:\Users\NAMSHIOR KRATHIK\Downloads\gitu>git commit -m "dev branch changes"
[dev 7c0db18] dev branch changes
 1 file changed, 2 insertions(+), 2 deletions(-)

C:\Users\NAMSHIOR KRATHIK\Downloads\gitu>git push
Enumerating objects: 5, done.
Counting objects: 100% (5/5), done.
Delta compression using up to 8 threads
Compressing objects: 100% (3/3), done.
Writing objects: 100% (3/3), 335 bytes | 335.00 KiB/s, done.
Total 3 (delta 2), reused 0 (delta 0), pack-reused 0
remote: Resolving deltas: 100% (2/2), completed with 2 local objects.
To https://github.com/namshior/upload.git
   17fd52f..7c0db18  dev -> dev

C:\Users\NAMSHIOR KRATHIK\Downloads\gitu>
